2025-11-26 15:13:57 [error]: C:\Users\cefalo\Desktop\betterboxd\src\middlewares\ValidationHandler.ts:4
interface;
^^^^^^^^^

SyntaxError: Unexpected strict mode reserved word
    at wrapSafe (node:internal/modules/cjs/loader:1691:18)
    at Module.<anonymous> (node:internal/modules/cjs/loader:1734:20)
    at Module._compile (C:\Users\cefalo\Desktop\betterboxd\node_modules\source-map-support\source-map-support.js:568:25)
    at Module.m._compile (C:\Users\cefalo\AppData\Local\Temp\ts-node-dev-hook-8611815319445685.js:69:33)
    at node:internal/modules/cjs/loader:1893:10
    at require.extensions..jsx.require.extensions..js (C:\Users\cefalo\AppData\Local\Temp\ts-node-dev-hook-8611815319445685.js:114:20)
    at require.extensions.<computed> (C:\Users\cefalo\AppData\Local\Temp\ts-node-dev-hook-8611815319445685.js:71:20)
    at Object.nodeDevHook [as .ts] (C:\Users\cefalo\Desktop\betterboxd\node_modules\ts-node-dev\lib\hook.js:63:13)
    at Module.load (node:internal/modules/cjs/loader:1480:32)
    at Module._load (node:internal/modules/cjs/loader:1299:12)
2025-11-26 15:13:58 [error]: Error: ⨯ Unable to compile TypeScript:
src/middlewares/ValidationHandler.ts(7,1): error TS1005: '{' expected.

    at Object.<anonymous> (C:\Users\cefalo\Desktop\betterboxd\src\middlewares\ValidationHandler.ts:1:7)
    at Module.<anonymous> (node:internal/modules/cjs/loader:1760:14)
    at Module._compile (C:\Users\cefalo\Desktop\betterboxd\node_modules\source-map-support\source-map-support.js:568:25)
    at Module.m._compile (C:\Users\cefalo\AppData\Local\Temp\ts-node-dev-hook-8611815319445685.js:69:33)
    at node:internal/modules/cjs/loader:1893:10
    at require.extensions..jsx.require.extensions..js (C:\Users\cefalo\AppData\Local\Temp\ts-node-dev-hook-8611815319445685.js:114:20)
    at require.extensions.<computed> (C:\Users\cefalo\AppData\Local\Temp\ts-node-dev-hook-8611815319445685.js:71:20)
    at Object.nodeDevHook [as .ts] (C:\Users\cefalo\Desktop\betterboxd\node_modules\ts-node-dev\lib\hook.js:63:13)
    at Module.load (node:internal/modules/cjs/loader:1480:32)
    at Module._load (node:internal/modules/cjs/loader:1299:12)
2025-11-26 15:14:01 [error]: Error: ⨯ Unable to compile TypeScript:
src/middlewares/ValidationHandler.ts(7,1): error TS1005: '{' expected.

    at Object.<anonymous> (C:\Users\cefalo\Desktop\betterboxd\src\middlewares\ValidationHandler.ts:1:7)
    at Module.<anonymous> (node:internal/modules/cjs/loader:1760:14)
    at Module._compile (C:\Users\cefalo\Desktop\betterboxd\node_modules\source-map-support\source-map-support.js:568:25)
    at Module.m._compile (C:\Users\cefalo\AppData\Local\Temp\ts-node-dev-hook-8611815319445685.js:69:33)
    at node:internal/modules/cjs/loader:1893:10
    at require.extensions..jsx.require.extensions..js (C:\Users\cefalo\AppData\Local\Temp\ts-node-dev-hook-8611815319445685.js:114:20)
    at require.extensions.<computed> (C:\Users\cefalo\AppData\Local\Temp\ts-node-dev-hook-8611815319445685.js:71:20)
    at Object.nodeDevHook [as .ts] (C:\Users\cefalo\Desktop\betterboxd\node_modules\ts-node-dev\lib\hook.js:63:13)
    at Module.load (node:internal/modules/cjs/loader:1480:32)
    at Module._load (node:internal/modules/cjs/loader:1299:12)
2025-11-26 15:14:03 [error]: Error: ⨯ Unable to compile TypeScript:
src/middlewares/ValidationHandler.ts(7,1): error TS1005: '{' expected.

    at Object.<anonymous> (C:\Users\cefalo\Desktop\betterboxd\src\middlewares\ValidationHandler.ts:1:7)
    at Module.<anonymous> (node:internal/modules/cjs/loader:1760:14)
    at Module._compile (C:\Users\cefalo\Desktop\betterboxd\node_modules\source-map-support\source-map-support.js:568:25)
    at Module.m._compile (C:\Users\cefalo\AppData\Local\Temp\ts-node-dev-hook-8611815319445685.js:69:33)
    at node:internal/modules/cjs/loader:1893:10
    at require.extensions..jsx.require.extensions..js (C:\Users\cefalo\AppData\Local\Temp\ts-node-dev-hook-8611815319445685.js:114:20)
    at require.extensions.<computed> (C:\Users\cefalo\AppData\Local\Temp\ts-node-dev-hook-8611815319445685.js:71:20)
    at Object.nodeDevHook [as .ts] (C:\Users\cefalo\Desktop\betterboxd\node_modules\ts-node-dev\lib\hook.js:63:13)
    at Module.load (node:internal/modules/cjs/loader:1480:32)
    at Module._load (node:internal/modules/cjs/loader:1299:12)
2025-11-26 15:14:05 [error]: Error: ⨯ Unable to compile TypeScript:
src/middlewares/ValidationHandler.ts(7,1): error TS1131: Property or signature expected.

    at Object.<anonymous> (C:\Users\cefalo\Desktop\betterboxd\src\middlewares\ValidationHandler.ts:1:7)
    at Module.<anonymous> (node:internal/modules/cjs/loader:1760:14)
    at Module._compile (C:\Users\cefalo\Desktop\betterboxd\node_modules\source-map-support\source-map-support.js:568:25)
    at Module.m._compile (C:\Users\cefalo\AppData\Local\Temp\ts-node-dev-hook-8611815319445685.js:69:33)
    at node:internal/modules/cjs/loader:1893:10
    at require.extensions..jsx.require.extensions..js (C:\Users\cefalo\AppData\Local\Temp\ts-node-dev-hook-8611815319445685.js:114:20)
    at require.extensions.<computed> (C:\Users\cefalo\AppData\Local\Temp\ts-node-dev-hook-8611815319445685.js:71:20)
    at Object.nodeDevHook [as .ts] (C:\Users\cefalo\Desktop\betterboxd\node_modules\ts-node-dev\lib\hook.js:63:13)
    at Module.load (node:internal/modules/cjs/loader:1480:32)
    at Module._load (node:internal/modules/cjs/loader:1299:12)
2025-11-26 15:15:29 [error]: ReferenceError: source is not defined
    at validationHandler (C:\Users\cefalo\Desktop\betterboxd\src\middlewares\ValidationHandler.ts:8:109)
    at Object.<anonymous> (C:\Users\cefalo\Desktop\betterboxd\src\routes\UserRoutes.ts:12:20)
    at Module.<anonymous> (node:internal/modules/cjs/loader:1760:14)
    at Module._compile (C:\Users\cefalo\Desktop\betterboxd\node_modules\source-map-support\source-map-support.js:568:25)
    at Module.m._compile (C:\Users\cefalo\AppData\Local\Temp\ts-node-dev-hook-8611815319445685.js:69:33)
    at node:internal/modules/cjs/loader:1893:10
    at require.extensions..jsx.require.extensions..js (C:\Users\cefalo\AppData\Local\Temp\ts-node-dev-hook-8611815319445685.js:114:20)
    at require.extensions.<computed> (C:\Users\cefalo\AppData\Local\Temp\ts-node-dev-hook-8611815319445685.js:71:20)
    at Object.nodeDevHook [as .ts] (C:\Users\cefalo\Desktop\betterboxd\node_modules\ts-node-dev\lib\hook.js:63:13)
    at Module.load (node:internal/modules/cjs/loader:1480:32)
2025-11-26 15:16:12 [error]: C:\Users\cefalo\Desktop\betterboxd\src\middlewares\ValidationHandler.ts:8
        const ;
              ^

SyntaxError: Unexpected token ';'
    at wrapSafe (node:internal/modules/cjs/loader:1691:18)
    at Module.<anonymous> (node:internal/modules/cjs/loader:1734:20)
    at Module._compile (C:\Users\cefalo\Desktop\betterboxd\node_modules\source-map-support\source-map-support.js:568:25)
    at Module.m._compile (C:\Users\cefalo\AppData\Local\Temp\ts-node-dev-hook-8611815319445685.js:69:33)
    at node:internal/modules/cjs/loader:1893:10
    at require.extensions..jsx.require.extensions..js (C:\Users\cefalo\AppData\Local\Temp\ts-node-dev-hook-8611815319445685.js:114:20)
    at require.extensions.<computed> (C:\Users\cefalo\AppData\Local\Temp\ts-node-dev-hook-8611815319445685.js:71:20)
    at Object.nodeDevHook [as .ts] (C:\Users\cefalo\Desktop\betterboxd\node_modules\ts-node-dev\lib\hook.js:63:13)
    at Module.load (node:internal/modules/cjs/loader:1480:32)
    at Module._load (node:internal/modules/cjs/loader:1299:12)
2025-11-26 15:16:13 [error]: C:\Users\cefalo\Desktop\betterboxd\src\middlewares\ValidationHandler.ts:8
        const data;
              ^^^^

SyntaxError: Missing initializer in const declaration
    at wrapSafe (node:internal/modules/cjs/loader:1691:18)
    at Module.<anonymous> (node:internal/modules/cjs/loader:1734:20)
    at Module._compile (C:\Users\cefalo\Desktop\betterboxd\node_modules\source-map-support\source-map-support.js:568:25)
    at Module.m._compile (C:\Users\cefalo\AppData\Local\Temp\ts-node-dev-hook-8611815319445685.js:69:33)
    at node:internal/modules/cjs/loader:1893:10
    at require.extensions..jsx.require.extensions..js (C:\Users\cefalo\AppData\Local\Temp\ts-node-dev-hook-8611815319445685.js:114:20)
    at require.extensions.<computed> (C:\Users\cefalo\AppData\Local\Temp\ts-node-dev-hook-8611815319445685.js:71:20)
    at Object.nodeDevHook [as .ts] (C:\Users\cefalo\Desktop\betterboxd\node_modules\ts-node-dev\lib\hook.js:63:13)
    at Module.load (node:internal/modules/cjs/loader:1480:32)
    at Module._load (node:internal/modules/cjs/loader:1299:12)
